
> web@0.1.0 build
> next build

node.exe : 
[baseline-browser-mapping] 
The data in this module is 
over two months old.  To 
ensure accurate Baseline 
data, please update: `npm 
i baseline-browser-mapping@
latest -D`
En C:\Program 
Files\nodejs\npm.ps1: 29 
Carácter: 3
+   & $NODE_EXE 
$NPM_CLI_JS $args
+   ~~~~~~~~~~~~~~~~~~~~~~~
~~~~~~
    + CategoryInfo         
     : NotSpecified: ([ba  
  seline-brows...ping@la   
 test -D`:String) [], R    
emoteException
    + FullyQualifiedErrorI 
   d : NativeCommandError
 
   Ôû▓ Next.js 16.0.1 (Turbopack)
   - Environments: .env.local, .env.production

 ÔÜá The "middleware" file 
convention is deprecated. 
Please use "proxy" 
instead. Learn more: https:
//nextjs.org/docs/messages/
middleware-to-proxy
   Creating an optimized production build ...
[baseline-browser-mapping] 
The data in this module is 
over two months old.  To 
ensure accurate Baseline 
data, please update: `npm 
i baseline-browser-mapping@
latest -D`
[baseline-browser-mapping] 
The data in this module is 
over two months old.  To 
ensure accurate Baseline 
data, please update: `npm 
i baseline-browser-mapping@
latest -D`
Browserslist: browsers 
data (caniuse-lite) is 6 
months old. Please run:
  npx update-browserslist-d
b@latest
  Why you should do it 
regularly: https://github.c
om/browserslist/update-db#r
eadme
 Ô£ô Compiled successfully in 13.0s
   Running TypeScript ...
Failed to compile.

./KanbanBoardDndKit 
viejo.tsx:1001:13
Type error: Type 
'"pendiente" | "cancelado" 
| "completado" | 
"confirmado"' is not 
assignable to type 
'EstadoCita'.
  Type '"confirmado"' is 
not assignable to type 
'EstadoCita'. Did you mean 
'"confirmada"'?

[0m [90m  999 |[39m     
        [33m...[39mmovedT
ask[33m,[39m
 [90m 1000 |[39m         
    columnId[33m:[39m 
targetEstado[33m,[39m
[31m[1m>[22m[39m[90m 
1001 |[39m             
estado[33m:[39m 
targetEstado
 [90m      |[39m         
    [31m[1m^[22m[39m
 [90m 1002 |[39m         
  })[33m;[39m
 [90m 1003 |[39m         
}
 [90m 1004 |[39m         
[0m
Next.js build worker 
exited with code: 1 and 
signal: null
